// Jest Snapshot v1, https://goo.gl/fbAQLP

exports[`MatrixGroup component matches snapshot 1`] = `
'<div className=\\'o-footer__matrix-group o-footer__matrix-group--1\\'>
<h6 className=\\'o-footer__matrix-title\\'>
Test
</h6>
<div className=\\'o-footer__matrix-content\\' id=\\'o-footer-section-0\\'>
<div className=\\'o-footer__matrix-column\\'>
<a className=\\'o-footer__matrix-link\\' href=\\'web.link\\' />
<a className=\\'o-footer__matrix-link\\' href=\\'web.link\\' />
</div>
</div>
</div>'
`;
