// Jest Snapshot v1, https://goo.gl/fbAQLP

exports[`LegalLinks component matches snapshot 1`] = `
"<div>
  <ul className=\\"o-footer__legal-links\\">
    <li>
      <a href=\\"test1\\" data-trackable=\\"test1\\">
        test 1
      </a>
    </li>
    <li>
      <a href=\\"test2\\" data-trackable={[undefined]}>
        test 2
      </a>
    </li>
    <li>
      <a href=\\"test3\\" data-trackable=\\"test3\\">
        test 3
      </a>
    </li>
  </ul>
</div>"
`;
